E3_TEMPERATURE_START_C=Some(83)
SCALE inputs=uniform N=4096 splits=1 steps_per_split=128 c3_fast total_max=6.275e-4 total_mean=1.780e-4 kernel_max=3.519e-4 kernel_mean=1.338e-4 rounding_only_max=5.474e-4
SCALE inputs=uniform N=4096 splits=1 steps_per_split=128 c3_accurate total_max=5.655e-4 total_mean=1.373e-4 kernel_max=4.072e-4 kernel_mean=1.319e-4 rounding_only_max=3.023e-4
SCALE inputs=uniform N=4096 splits=1 steps_per_split=128 a3pad total_max=7.215e-4 total_mean=2.886e-4 kernel_max=3.824e-4 kernel_mean=1.308e-4 rounding_only_max=7.648e-4
SCALE inputs=uniform N=8192 splits=2 steps_per_split=128 c3_fast total_max=6.332e-4 total_mean=1.754e-4 kernel_max=3.586e-4 kernel_mean=1.350e-4 rounding_only_max=5.438e-4
SCALE inputs=uniform N=8192 splits=2 steps_per_split=128 c3_accurate total_max=4.835e-4 total_mean=1.271e-4 kernel_max=3.929e-4 kernel_mean=1.317e-4 rounding_only_max=1.955e-4
SCALE inputs=uniform N=8192 splits=2 steps_per_split=128 a3pad total_max=7.288e-4 total_mean=2.876e-4 kernel_max=3.939e-4 kernel_mean=1.332e-4 rounding_only_max=7.708e-4
SCALE inputs=uniform N=32768 splits=8 steps_per_split=128 c3_fast total_max=6.294e-4 total_mean=1.799e-4 kernel_max=3.662e-4 kernel_mean=1.349e-4 rounding_only_max=5.391e-4
SCALE inputs=uniform N=32768 splits=8 steps_per_split=128 c3_accurate total_max=5.007e-4 total_mean=1.352e-4 kernel_max=3.881e-4 kernel_mean=1.330e-4 rounding_only_max=1.640e-4
SCALE inputs=uniform N=32768 splits=8 steps_per_split=128 a3pad total_max=7.234e-4 total_mean=3.015e-4 kernel_max=3.967e-4 kernel_mean=1.339e-4 rounding_only_max=7.629e-4
SCALE inputs=heavy_tailed N=4096 splits=1 steps_per_split=128 c3_fast total_max=2.729e-3 total_mean=4.788e-4 kernel_max=8.583e-5 kernel_mean=2.227e-5 rounding_only_max=2.790e-3
SCALE inputs=heavy_tailed N=4096 splits=1 steps_per_split=128 c3_accurate total_max=1.247e-3 total_mean=1.850e-4 kernel_max=8.583e-5 kernel_mean=2.069e-5 rounding_only_max=1.283e-3
SCALE inputs=heavy_tailed N=4096 splits=1 steps_per_split=128 a3pad total_max=1.251e-3 total_mean=2.004e-4 kernel_max=2.651e-4 kernel_mean=4.872e-5 rounding_only_max=1.091e-3
SCALE inputs=heavy_tailed N=8192 splits=2 steps_per_split=128 c3_fast total_max=4.182e-3 total_mean=5.318e-4 kernel_max=7.820e-5 kernel_mean=1.642e-5 rounding_only_max=4.176e-3
SCALE inputs=heavy_tailed N=8192 splits=2 steps_per_split=128 c3_accurate total_max=1.088e-3 total_mean=1.748e-4 kernel_max=7.868e-5 kernel_mean=1.536e-5 rounding_only_max=1.124e-3
SCALE inputs=heavy_tailed N=8192 splits=2 steps_per_split=128 a3pad total_max=1.336e-3 total_mean=1.960e-4 kernel_max=1.659e-4 kernel_mean=3.376e-5 rounding_only_max=1.172e-3
SCALE inputs=heavy_tailed N=32768 splits=8 steps_per_split=128 c3_fast total_max=3.192e-3 total_mean=3.001e-4 kernel_max=6.866e-5 kernel_mean=9.049e-6 rounding_only_max=3.228e-3
SCALE inputs=heavy_tailed N=32768 splits=8 steps_per_split=128 c3_accurate total_max=7.153e-4 total_mean=7.169e-5 kernel_max=6.580e-5 kernel_mean=9.687e-6 rounding_only_max=6.819e-4
SCALE inputs=heavy_tailed N=32768 splits=8 steps_per_split=128 a3pad total_max=1.002e-3 total_mean=1.735e-4 kernel_max=1.402e-4 kernel_mean=1.731e-5 rounding_only_max=9.537e-4
E3_SCALE_OK=1
E3_TEMPERATURE_END_C=Some(83)
